
> jw-assistant@1.0.0 build
> vite build

[36mvite v6.4.1 [32mbuilding for production...[36m[39m
transforming...
[32mÔ£ô[39m 3 modules transformed.
npm : [31mÔ£ù[39m 
Build failed in 111ms
No linha:1 caractere:1
+ npm run build > 
build_output.txt 2>&1
+ ~~~~~~~~~~~~~~~~~~~~
~~~~~~~~~~~~~~~~~
    + CategoryInfo    
          : NotSpeci  
  fied: ([31mÔ£ù[   
 39m Build failed     
in 111ms:String)     
[], RemoteExcepti    
on
    + FullyQualifiedE 
   rrorId : NativeCo  
  mmandError
 
[31merror during 
build:
[31m[vite:esbuild] 
Transform failed with 
1 error:
C:/Users/User/Download
s/jw-assistente-rotina
-espiritual/App.tsx:1:
0: ERROR: Unexpected 
"´┐¢"[31m
file: [36mC:/Users/Us
er/Downloads/jw-assist
ente-rotina-espiritual
/App.tsx:1:0[31m
[33m
[33mUnexpected 
"´┐¢"[33m
1  |  
´┐¢´┐¢i m p o r t  
 R e a c t ,   {  
 u s e S t a t e ,  
 u s e E f f e c t  
 }   f r o m  
 ' r e a c t ' ; 
 
   |  ^
2  |   i m p o r t  
 {   A p p V i e w  
 }   f r o m  
 ' . / t y p e s ' ; 
 
3  |   i m p o r t   S
 c h e d u l e B u i l
 d e r   f r o m   ' .
 / c o m p o n e n t s
 / S c h e d u l e B u
 i l d e r ' ; 
 
[31m
    at 
failureErrorWithLog (C
:\Users\User\Downloads
\jw-assistente-rotina-
espiritual\node_module
s\esbuild\lib\main.js:
1467:15)
    at C:\Users\User\D
ownloads\jw-assistente
-rotina-espiritual\nod
e_modules\esbuild\lib\
main.js:736:50
    at responseCallbac
ks.<computed> (C:\User
s\User\Downloads\jw-as
sistente-rotina-espiri
tual\node_modules\esbu
ild\lib\main.js:603:9)
    at 
handleIncomingPacket (
C:\Users\User\Download
s\jw-assistente-rotina
-espiritual\node_modul
es\esbuild\lib\main.js
:658:12)
    at 
Socket.readFromStdout 
(C:\Users\User\Downloa
ds\jw-assistente-rotin
a-espiritual\node_modu
les\esbuild\lib\main.j
s:581:7)
    at Socket.emit 
(node:events:524:28)
    at addChunk (node:
internal/streams/reada
ble:561:12)
    at readableAddChun
kPushByteMode (node:in
ternal/streams/readabl
e:512:3)
    at Readable.push (
node:internal/streams/
readable:392:5)
    at 
Pipe.onStreamRead (nod
e:internal/stream_base
_commons:191:23)[39m
